// Jest Snapshot v1, https://goo.gl/fbAQLP

exports[`NetlifyForm snapshot 1`] = `
<styled.form
  action="thanks"
  data-netlify="true"
  data-netlify-honeypot="bot-field"
  method="POST"
  name="contact"
>
  <styled.input
    name="form-name"
    type="hidden"
    value="contact"
  />
  <styled.input
    name="bot-field"
    type="hidden"
  />
  <styled.div>
    <styled.div>
      <InputItem
        htmlFor="name"
        required={true}
        title="Name"
      >
        <styled.input
          aria-required={true}
          id="name"
          name="name"
          required={true}
          type="text"
        />
      </InputItem>
    </styled.div>
    <styled.div>
      <InputItem
        htmlFor="company"
        title="Company"
      >
        <styled.input
          id="company"
          name="company"
          type="text"
        />
      </InputItem>
    </styled.div>
  </styled.div>
  <styled.div>
    <styled.div>
      <InputItem
        htmlFor="email"
        required={true}
        title="Email"
      >
        <styled.input
          aria-required={true}
          id="email"
          name="email"
          pattern="^[a-zA-Z0-9.!#$%&'*+\\\\/=?^_\`{|}~-]+@[a-zA-Z0-9-]+(?:\\\\.[a-zA-Z0-9-]+)*$"
          required={true}
          type="email"
        />
      </InputItem>
    </styled.div>
    <styled.div>
      <InputItem
        htmlFor="phone"
        title="Phone"
      >
        <styled.input
          id="phone"
          name="phone"
          type="tel"
        />
      </InputItem>
    </styled.div>
  </styled.div>
  <InputItem
    htmlFor="meaasage"
    required={true}
    title="Message"
  >
    <styled.textarea
      aria-required={true}
      id="meaasage"
      name="meaasage"
      required={true}
    />
  </InputItem>
  <styled.div>
    <Button
      type="submit"
    >
      Submit
    </Button>
  </styled.div>
</styled.form>
`;
