// Jest Snapshot v1, https://goo.gl/fbAQLP

exports[`SubTitle snapshot 1`] = `
<StyledComponent
  forwardedComponent={
    Object {
      "$$typeof": Symbol(react.forward_ref),
      "attrs": Array [],
      "componentStyle": ComponentStyle {
        "componentId": "sc-bdVaJa",
        "isStatic": false,
        "rules": Array [
          "
  font-family: ",
          [Function],
          ";
  font-size: ",
          [Function],
          ";
  text-transform: uppercase;
  line-height: 1;
  margin-top: 0;
  letter-spacing: 0.15em;
  text-indent: 0.15em;
",
        ],
      },
      "displayName": "styled.h3",
      "foldedComponentIds": Array [],
      "render": [Function],
      "styledComponentId": "sc-bdVaJa",
      "target": "h3",
      "toString": [Function],
      "warnTooManyClasses": [Function],
      "withComponent": [Function],
    }
  }
  forwardedRef={null}
>
  ...
</StyledComponent>
`;
