// Jest Snapshot v1, https://goo.gl/fbAQLP

exports[`Footer snapshot 1`] = `
<styled.footer>
  <styled.div>
    <Styled(styled.div)>
      <ForwardRef
        title="contact"
        to="/contact/"
      >
        <[object Object] />
      </ForwardRef>
    </Styled(styled.div)>
    <styled.div>
      <Lists
        items={
          Array [
            Object {
              "linkUrl": "https://github.com/blivesta",
              "title": "GitHub",
            },
            Object {
              "linkUrl": "https://dribbble.com/blivesta",
              "title": "dribbble",
            },
            Object {
              "linkUrl": "https://twitter.com/blivesta",
              "title": "Twitter",
            },
          ]
        }
      />
    </styled.div>
    <styled.p>
      © 
      2019
       
      blivesta
    </styled.p>
  </styled.div>
</styled.footer>
`;
