// Jest Snapshot v1, https://goo.gl/fbAQLP

exports[`Textarea snapshot 1`] = `
<StyledComponent
  forwardedComponent={
    Object {
      "$$typeof": Symbol(react.forward_ref),
      "attrs": Array [],
      "componentStyle": ComponentStyle {
        "componentId": "sc-bwzfXH",
        "isStatic": false,
        "rules": Array [
          "
  ",
          "
  width: 100%;
  padding: 0 ",
          [Function],
          ";
  font-size: ",
          [Function],
          ";
  color: ",
          [Function],
          ";
  background-color: ",
          [Function],
          ";
  border-top: 0;
  border-left: 0;
  border-right: 0;
  border-bottom: 1px solid ",
          [Function],
          ";
  outline: none;
  box-shadow: none;
  transition: background, border-bottom ",
          [Function],
          ";

  &:focus {
    border-bottom: 1px solid ",
          [Function],
          ";
    background-color: ",
          [Function],
          ";
  }
",
          ";

  height: 200px;
  padding-top: ",
          [Function],
          ";
  padding-bottom: ",
          [Function],
          ";
  margin-bottom: ",
          [Function],
          ";
  resize: none;
",
        ],
      },
      "displayName": "styled.textarea",
      "foldedComponentIds": Array [],
      "render": [Function],
      "styledComponentId": "sc-bwzfXH",
      "target": "textarea",
      "toString": [Function],
      "warnTooManyClasses": [Function],
      "withComponent": [Function],
    }
  }
  forwardedRef={null}
/>
`;
