// Jest Snapshot v1, https://goo.gl/fbAQLP

exports[`About snapshot 1`] = `
<ContentBlock
  id="about"
  title="About"
>
  <styled.h1>
    Design to
    <br />
    accelerate growth
  </styled.h1>
  <P
    lang="en"
  >
    We think strategically about design and help companies and brands growth. We conduct research concept formulation, visual UI, web application and site development as a whole, and we are also working on analysis, proposal and improvement in operation.
  </P>
  <P
    justify={true}
    lang="ja"
    last={true}
  >
    デザインを戦略的に考え、企業やブランドをグロースさせるためのお手伝いをしています。リサーチ・コンセプト策定、ビジュアル・UI、Webアプリ・サイト開発を一環して行い、運用でも分析・提案・改善に取り組んでいます。
  </P>
  <styled.h3>
    Capabilitties:
  </styled.h3>
  <Lists
    isNotPipeline={true}
    items={
      Array [
        Object {
          "title": "User interface design",
        },
        Object {
          "title": "User exprerience design",
        },
        Object {
          "title": "Brand Identity design",
        },
        Object {
          "title": "Web development",
        },
        Object {
          "title": "Software development",
        },
        Object {
          "title": "Project/Product management",
        },
      ]
    }
  />
</ContentBlock>
`;
